# TYPE http_requests counter
# HELP http_requests Total HTTP requests
http_requests_total{method="GET",path="/api",status="200"} 3
http_requests_total{method="GET",path="/health",status="200"} 7
http_requests_total{method="POST",path="/a\"b\\c",status="500"} 1
# TYPE tasks counter
# HELP tasks Total tasks processed
tasks_total 42
# TYPE events counter
# HELP events Total events
events_total 5
# TYPE queue_depth gauge
# HELP queue_depth Items queued
queue_depth{queue="egress"} 0.5
queue_depth{queue="ingest"} 12
# TYPE temperature_celsius gauge
# HELP temperature_celsius Ambient temperature
temperature_celsius 23.5
# TYPE active_connections gauge
# HELP active_connections Active connections
active_connections 8
# TYPE request_duration_seconds histogram
# HELP request_duration_seconds Request latency in \"seconds\"\nline2\\end
request_duration_seconds_bucket{le="0.1"} 2
request_duration_seconds_bucket{le="0.5"} 3
request_duration_seconds_bucket{le="1"} 3
request_duration_seconds_bucket{le="+Inf"} 4
request_duration_seconds_sum 2.45
request_duration_seconds_count 4
# TYPE api_latency_seconds histogram
# HELP api_latency_seconds API latency
api_latency_seconds_bucket{endpoint="create",le="0.25"} 0
api_latency_seconds_bucket{endpoint="create",le="1"} 0
api_latency_seconds_bucket{endpoint="create",le="+Inf"} 1
api_latency_seconds_sum{endpoint="create"} 5
api_latency_seconds_count{endpoint="create"} 1
api_latency_seconds_bucket{endpoint="list",le="0.25"} 1
api_latency_seconds_bucket{endpoint="list",le="1"} 2
api_latency_seconds_bucket{endpoint="list",le="+Inf"} 2
api_latency_seconds_sum{endpoint="list"} 0.6
api_latency_seconds_count{endpoint="list"} 2
# TYPE process_goroutines gauge
# HELP process_goroutines Number of goroutines
process_goroutines <value>
# TYPE process_heap_bytes gauge
# HELP process_heap_bytes Heap memory in use
process_heap_bytes <value>
# TYPE process_gc_pause_seconds counter
# HELP process_gc_pause_seconds Total GC pause time
process_gc_pause_seconds_total <value>
# TYPE process_uptime_seconds gauge
# HELP process_uptime_seconds Process uptime
process_uptime_seconds <value>
# TYPE process_start_time_seconds gauge
# HELP process_start_time_seconds Start time of the process since unix epoch in seconds
process_start_time_seconds <value>
# TYPE process_cpu_seconds counter
# HELP process_cpu_seconds Total user and system CPU time spent in seconds
process_cpu_seconds_total <value>
# TYPE process_resident_memory_bytes gauge
# HELP process_resident_memory_bytes Resident memory size in bytes
process_resident_memory_bytes <value>
# TYPE process_open_fds gauge
# HELP process_open_fds Number of open file descriptors
process_open_fds <value>
# TYPE process_max_fds gauge
# HELP process_max_fds Maximum number of open file descriptors
process_max_fds <value>
# EOF
